nohup: ignoring input
使用 GPU 训练
GPU: NVIDIA GeForce RTX 3080 Ti
训练集数量: 1930
验证集数量: 241
测试集数量: 241
训练 batch 数量: 965
验证 batch 数量: 121
测试 batch 数量: 121
开始训练
训练 epoch 数: 1
Batch size: 2
Image size: 256
Learning rate: 0.0001
指标记录间隔: 1 steps
数据根目录: /root/autodl-tmp/level3-Unet/project/level3 Unet/data
Metadata 目录: /root/autodl-tmp/level3-Unet/project/level3 Unet/data/metadata
Epoch 1，Train Batch 1/965，Loss: 0.448572
Step 1，Loss: 0.448572，PSNR: 6.5538，SSIM: 0.1853
Step 2，Loss: 0.464337，PSNR: 6.4234，SSIM: 0.3859
Step 3，Loss: 0.482321，PSNR: 6.1373，SSIM: 0.3838
Step 4，Loss: 0.476886，PSNR: 6.2540，SSIM: 0.3857
Step 5，Loss: 0.465938，PSNR: 6.4443，SSIM: 0.4498
Epoch 1，Train Batch 6/965，Loss: 0.430076
Step 6，Loss: 0.430076，PSNR: 6.9628，SSIM: 0.4526
Step 7，Loss: 0.454906，PSNR: 6.5563，SSIM: 0.3157
Step 8，Loss: 0.496123，PSNR: 5.9005，SSIM: 0.3528
Step 9，Loss: 0.429431，PSNR: 7.0167，SSIM: 0.3681
Step 10，Loss: 0.473924，PSNR: 6.2775，SSIM: 0.4539
Epoch 1，Train Batch 11/965，Loss: 0.482649
Step 11，Loss: 0.482649，PSNR: 6.1557，SSIM: 0.3895
Step 12，Loss: 0.433991，PSNR: 6.9693，SSIM: 0.4112
Step 13，Loss: 0.445364，PSNR: 6.6821，SSIM: 0.3073
Step 14，Loss: 0.422320，PSNR: 7.1482，SSIM: 0.3579
Step 15，Loss: 0.428878，PSNR: 7.0068，SSIM: 0.3366
Epoch 1，Train Batch 16/965，Loss: 0.441609
Step 16，Loss: 0.441609，PSNR: 6.8039，SSIM: 0.3704
Step 17，Loss: 0.439132，PSNR: 6.7733，SSIM: 0.4090
Step 18，Loss: 0.475370，PSNR: 6.2445，SSIM: 0.4075
Step 19，Loss: 0.412868，PSNR: 7.3095，SSIM: 0.4018
Step 20，Loss: 0.440904，PSNR: 6.7804，SSIM: 0.3391
Epoch 1，Train Batch 21/965，Loss: 0.416205
Step 21，Loss: 0.416205，PSNR: 7.2852，SSIM: 0.4551
Step 22，Loss: 0.406572，PSNR: 7.4080，SSIM: 0.3771
Step 23，Loss: 0.396797，PSNR: 7.7140，SSIM: 0.4676
Step 24，Loss: 0.431181，PSNR: 6.9373，SSIM: 0.3859
Step 25，Loss: 0.413393，PSNR: 7.3763，SSIM: 0.4548
Epoch 1，Train Batch 26/965，Loss: 0.419899
Step 26，Loss: 0.419899，PSNR: 7.2857，SSIM: 0.4865
Step 27，Loss: 0.426539，PSNR: 7.0122，SSIM: 0.3782
Step 28，Loss: 0.402747，PSNR: 7.5656，SSIM: 0.4461
Step 29，Loss: 0.408206，PSNR: 7.4879，SSIM: 0.5064
Step 30，Loss: 0.438875，PSNR: 6.8332，SSIM: 0.4266
Epoch 1，Train Batch 31/965，Loss: 0.401513
Step 31，Loss: 0.401513，PSNR: 7.6193，SSIM: 0.4671
Step 32，Loss: 0.411077，PSNR: 7.4438，SSIM: 0.5108
Step 33，Loss: 0.391649，PSNR: 7.7302，SSIM: 0.4405
Step 34，Loss: 0.425250，PSNR: 7.1635，SSIM: 0.4832
Step 35，Loss: 0.414543，PSNR: 7.2852，SSIM: 0.4106
Epoch 1，Train Batch 36/965，Loss: 0.409160
Step 36，Loss: 0.409160，PSNR: 7.4819，SSIM: 0.4730
Step 37，Loss: 0.439626，PSNR: 6.7523，SSIM: 0.3418
Step 38，Loss: 0.417460，PSNR: 7.2001，SSIM: 0.4884
Step 39，Loss: 0.317804，PSNR: 9.1573，SSIM: 0.5084
Step 40，Loss: 0.386144，PSNR: 7.9153，SSIM: 0.5013
Epoch 1，Train Batch 41/965，Loss: 0.451075
Step 41，Loss: 0.451075，PSNR: 6.8211，SSIM: 0.6054
Step 42，Loss: 0.390604，PSNR: 7.7842，SSIM: 0.4780
Step 43，Loss: 0.442486，PSNR: 6.8801，SSIM: 0.4784
Step 44，Loss: 0.403875，PSNR: 7.5215，SSIM: 0.5287
Step 45，Loss: 0.404708，PSNR: 7.4428，SSIM: 0.4509
Epoch 1，Train Batch 46/965，Loss: 0.394048
Step 46，Loss: 0.394048，PSNR: 7.8122，SSIM: 0.5261
Step 47，Loss: 0.419546，PSNR: 7.3039，SSIM: 0.5485
Step 48，Loss: 0.390853，PSNR: 7.9092，SSIM: 0.5972
Step 49，Loss: 0.399799，PSNR: 7.6751，SSIM: 0.5532
Step 50，Loss: 0.398458，PSNR: 7.6126，SSIM: 0.4528
Epoch 1，Train Batch 51/965，Loss: 0.417570
Step 51，Loss: 0.417570，PSNR: 7.1649，SSIM: 0.4730
Step 52，Loss: 0.411720，PSNR: 7.5103，SSIM: 0.5957
Step 53，Loss: 0.380671，PSNR: 8.1191，SSIM: 0.5995
Step 54，Loss: 0.383924，PSNR: 7.8980，SSIM: 0.4434
Step 55，Loss: 0.392641，PSNR: 7.8479，SSIM: 0.5550
Epoch 1，Train Batch 56/965，Loss: 0.382074
Step 56，Loss: 0.382074，PSNR: 8.0887，SSIM: 0.5684
Step 57，Loss: 0.438309，PSNR: 6.7773，SSIM: 0.4687
Step 58，Loss: 0.383147，PSNR: 7.9352，SSIM: 0.5100
Step 59，Loss: 0.410305，PSNR: 7.3717，SSIM: 0.4757
Step 60，Loss: 0.406467，PSNR: 7.4420，SSIM: 0.5220
Epoch 1，Train Batch 61/965，Loss: 0.403643
Step 61，Loss: 0.403643，PSNR: 7.4581，SSIM: 0.4004
Step 62，Loss: 0.407120，PSNR: 7.5677，SSIM: 0.5533
Step 63，Loss: 0.396375，PSNR: 7.6985，SSIM: 0.4900
Step 64，Loss: 0.384624，PSNR: 8.0243，SSIM: 0.5609
Step 65，Loss: 0.401897，PSNR: 7.6655，SSIM: 0.5585
Epoch 1，Train Batch 66/965，Loss: 0.387137
Step 66，Loss: 0.387137，PSNR: 7.9878，SSIM: 0.5387
Step 67，Loss: 0.379788，PSNR: 8.1029，SSIM: 0.5604
Step 68，Loss: 0.414451，PSNR: 7.3285，SSIM: 0.5507
Step 69，Loss: 0.381888，PSNR: 8.0650，SSIM: 0.5601
Step 70，Loss: 0.392983，PSNR: 7.8137，SSIM: 0.5195
Epoch 1，Train Batch 71/965，Loss: 0.369358
Step 71，Loss: 0.369358，PSNR: 8.3112，SSIM: 0.5870
Step 72，Loss: 0.388449，PSNR: 7.8448，SSIM: 0.5168
Step 73，Loss: 0.386599，PSNR: 8.0493，SSIM: 0.6051
Step 74，Loss: 0.405333，PSNR: 7.6831，SSIM: 0.5910
Step 75，Loss: 0.403832，PSNR: 7.5381，SSIM: 0.5615
Epoch 1，Train Batch 76/965，Loss: 0.367138
Step 76，Loss: 0.367138，PSNR: 8.3691，SSIM: 0.5935
Step 77，Loss: 0.369389，PSNR: 8.2575，SSIM: 0.5536
Step 78，Loss: 0.366219，PSNR: 8.4477，SSIM: 0.5857
Step 79，Loss: 0.381051，PSNR: 8.1392，SSIM: 0.5269
Step 80，Loss: 0.389150，PSNR: 7.7251，SSIM: 0.4527
Epoch 1，Train Batch 81/965，Loss: 0.389119
Step 81，Loss: 0.389119，PSNR: 8.0000，SSIM: 0.6166
Step 82，Loss: 0.400574，PSNR: 7.6635，SSIM: 0.5012
Step 83，Loss: 0.363362，PSNR: 8.4888，SSIM: 0.5781
Step 84，Loss: 0.346651，PSNR: 8.7830，SSIM: 0.5029
Step 85，Loss: 0.369994，PSNR: 8.1211，SSIM: 0.5120
Epoch 1，Train Batch 86/965，Loss: 0.388810
Step 86，Loss: 0.388810，PSNR: 7.9866，SSIM: 0.5983
Step 87，Loss: 0.364802，PSNR: 8.3843，SSIM: 0.5216
Step 88，Loss: 0.419407，PSNR: 7.1723，SSIM: 0.5061
Step 89，Loss: 0.350448，PSNR: 8.7531，SSIM: 0.6038
Step 90，Loss: 0.343990，PSNR: 8.8667，SSIM: 0.5635
Epoch 1，Train Batch 91/965，Loss: 0.351454
Step 91，Loss: 0.351454，PSNR: 8.6658，SSIM: 0.6580
Step 92，Loss: 0.380127，PSNR: 8.0692，SSIM: 0.5492
Step 93，Loss: 0.382233，PSNR: 7.8905，SSIM: 0.4701
Step 94，Loss: 0.373671，PSNR: 8.2672，SSIM: 0.6090
Step 95，Loss: 0.370439，PSNR: 8.3119，SSIM: 0.5380
Epoch 1，Train Batch 96/965，Loss: 0.359253
Step 96，Loss: 0.359253，PSNR: 8.5523，SSIM: 0.6151
Step 97，Loss: 0.394354，PSNR: 7.7674，SSIM: 0.5680
Step 98，Loss: 0.366464，PSNR: 8.4666，SSIM: 0.6577
Step 99，Loss: 0.352623，PSNR: 8.6722，SSIM: 0.5969
Step 100，Loss: 0.400587，PSNR: 7.6201，SSIM: 0.6144
Epoch 1，Train Batch 101/965，Loss: 0.358103
Step 101，Loss: 0.358103，PSNR: 8.4909，SSIM: 0.5668
Step 102，Loss: 0.356523，PSNR: 8.6376，SSIM: 0.5768
Step 103，Loss: 0.345484，PSNR: 8.7089，SSIM: 0.5606
Step 104，Loss: 0.387114，PSNR: 7.9485，SSIM: 0.6009
Step 105，Loss: 0.406289，PSNR: 7.5081，SSIM: 0.5879
Epoch 1，Train Batch 106/965，Loss: 0.400061
Step 106，Loss: 0.400061，PSNR: 7.4851，SSIM: 0.4873
Step 107，Loss: 0.372140，PSNR: 8.3146，SSIM: 0.6019
Step 108，Loss: 0.347312，PSNR: 8.8796，SSIM: 0.6407
Step 109，Loss: 0.376043，PSNR: 8.3134，SSIM: 0.5781
Step 110，Loss: 0.377457，PSNR: 8.1843，SSIM: 0.6282
Epoch 1，Train Batch 111/965，Loss: 0.358641
Step 111，Loss: 0.358641，PSNR: 8.5778，SSIM: 0.5816
Step 112，Loss: 0.387705，PSNR: 7.7615，SSIM: 0.5069
Step 113，Loss: 0.369563，PSNR: 8.2278，SSIM: 0.6339
Step 114，Loss: 0.381158，PSNR: 8.1530，SSIM: 0.6280
Step 115，Loss: 0.371281，PSNR: 8.3242，SSIM: 0.5267
Epoch 1，Train Batch 116/965，Loss: 0.338047
Step 116，Loss: 0.338047，PSNR: 9.0176，SSIM: 0.5736
Step 117，Loss: 0.370439，PSNR: 8.2756，SSIM: 0.5894
Step 118，Loss: 0.361199，PSNR: 8.5312，SSIM: 0.6659
Step 119，Loss: 0.366238，PSNR: 8.3358，SSIM: 0.4943
Step 120，Loss: 0.380590，PSNR: 8.1380，SSIM: 0.5121
Epoch 1，Train Batch 121/965，Loss: 0.356444
Step 121，Loss: 0.356444，PSNR: 8.4544，SSIM: 0.5483
Step 122，Loss: 0.363650，PSNR: 8.4320，SSIM: 0.6074
Step 123，Loss: 0.357447，PSNR: 8.5624，SSIM: 0.5672
Step 124，Loss: 0.345823，PSNR: 8.9464，SSIM: 0.6926
Step 125，Loss: 0.374752，PSNR: 8.2049，SSIM: 0.5826
Epoch 1，Train Batch 126/965，Loss: 0.357698
Step 126，Loss: 0.357698，PSNR: 8.6317，SSIM: 0.6273
Step 127，Loss: 0.380272，PSNR: 7.9133，SSIM: 0.5180
Step 128，Loss: 0.338442，PSNR: 9.0605，SSIM: 0.6583
Step 129，Loss: 0.340197，PSNR: 8.8399，SSIM: 0.6530
Step 130，Loss: 0.331585，PSNR: 9.1993，SSIM: 0.6389
Epoch 1，Train Batch 131/965，Loss: 0.396075
Step 131，Loss: 0.396075，PSNR: 7.6104，SSIM: 0.4899
Step 132，Loss: 0.347309，PSNR: 8.8488，SSIM: 0.6737
Step 133，Loss: 0.414920，PSNR: 7.2627，SSIM: 0.3223
Step 134，Loss: 0.364247，PSNR: 8.1449，SSIM: 0.3481
Step 135，Loss: 0.411152，PSNR: 7.4465，SSIM: 0.5819
Epoch 1，Train Batch 136/965，Loss: 0.326295
Step 136，Loss: 0.326295，PSNR: 9.2033，SSIM: 0.5482
Step 137，Loss: 0.358399，PSNR: 8.5487，SSIM: 0.6068
Step 138，Loss: 0.317648，PSNR: 9.4816，SSIM: 0.6050
Step 139，Loss: 0.353087，PSNR: 8.6704，SSIM: 0.6104
Step 140，Loss: 0.360680，PSNR: 8.5301，SSIM: 0.6045
Epoch 1，Train Batch 141/965，Loss: 0.340636
Step 141，Loss: 0.340636，PSNR: 8.8879，SSIM: 0.4839
Step 142，Loss: 0.342849，PSNR: 8.7740，SSIM: 0.5828
Step 143，Loss: 0.341942，PSNR: 9.0253，SSIM: 0.6500
Step 144，Loss: 0.338667，PSNR: 8.9775，SSIM: 0.5109
Step 145，Loss: 0.349069，PSNR: 8.7516，SSIM: 0.5237
Epoch 1，Train Batch 146/965，Loss: 0.332058
Step 146，Loss: 0.332058，PSNR: 9.1154，SSIM: 0.5552
Step 147，Loss: 0.376935，PSNR: 8.1314，SSIM: 0.6636
Step 148，Loss: 0.379370，PSNR: 8.2635，SSIM: 0.5896
Step 149，Loss: 0.359625，PSNR: 8.6064，SSIM: 0.6277
Step 150，Loss: 0.342413，PSNR: 8.9725，SSIM: 0.5859
Epoch 1，Train Batch 151/965，Loss: 0.338962
Step 151，Loss: 0.338962，PSNR: 9.0740，SSIM: 0.6211
Step 152，Loss: 0.331467，PSNR: 9.1447，SSIM: 0.6268
Step 153，Loss: 0.361429，PSNR: 8.5768，SSIM: 0.5882
Step 154，Loss: 0.386492，PSNR: 7.9587，SSIM: 0.5589
Step 155，Loss: 0.329938，PSNR: 9.3190，SSIM: 0.6654
Epoch 1，Train Batch 156/965，Loss: 0.345004
Step 156，Loss: 0.345004，PSNR: 8.9694，SSIM: 0.5261
Step 157，Loss: 0.366317，PSNR: 8.3071，SSIM: 0.6247
Step 158，Loss: 0.370710，PSNR: 8.2641，SSIM: 0.6094
Step 159，Loss: 0.371400，PSNR: 8.2829，SSIM: 0.6434
Step 160，Loss: 0.332957，PSNR: 9.1624，SSIM: 0.5893
Epoch 1，Train Batch 161/965，Loss: 0.342304
Step 161，Loss: 0.342304，PSNR: 8.9814，SSIM: 0.6259
Step 162，Loss: 0.382256，PSNR: 8.0200，SSIM: 0.5838
Step 163，Loss: 0.357406，PSNR: 8.4655，SSIM: 0.4893
Step 164，Loss: 0.334741，PSNR: 9.1573，SSIM: 0.5930
Step 165，Loss: 0.357802，PSNR: 8.5736，SSIM: 0.6406
Epoch 1，Train Batch 166/965，Loss: 0.344016
Step 166，Loss: 0.344016，PSNR: 9.0101，SSIM: 0.5940
Step 167，Loss: 0.378362，PSNR: 8.0479，SSIM: 0.5914
Step 168，Loss: 0.355543，PSNR: 8.5608，SSIM: 0.5679
Step 169，Loss: 0.355503，PSNR: 8.6504，SSIM: 0.6085
Step 170，Loss: 0.348484，PSNR: 8.7341，SSIM: 0.6143
Epoch 1，Train Batch 171/965，Loss: 0.375545
Step 171，Loss: 0.375545，PSNR: 8.0680，SSIM: 0.5870
Step 172，Loss: 0.352920，PSNR: 8.6219，SSIM: 0.6004
Step 173，Loss: 0.345748，PSNR: 9.0076，SSIM: 0.7231
Step 174，Loss: 0.352283，PSNR: 8.8470，SSIM: 0.6782
Step 175，Loss: 0.340294，PSNR: 9.0327，SSIM: 0.6732
Epoch 1，Train Batch 176/965，Loss: 0.326033
Step 176，Loss: 0.326033，PSNR: 9.3138，SSIM: 0.5410
Step 177，Loss: 0.369750，PSNR: 8.2184，SSIM: 0.6195
Step 178，Loss: 0.352124，PSNR: 8.6947，SSIM: 0.5759
Step 179，Loss: 0.312577，PSNR: 9.7270，SSIM: 0.6495
Step 180，Loss: 0.330050，PSNR: 9.3082，SSIM: 0.6004
Epoch 1，Train Batch 181/965，Loss: 0.347596
Step 181，Loss: 0.347596，PSNR: 8.9258，SSIM: 0.6321
Step 182，Loss: 0.345999，PSNR: 8.9026，SSIM: 0.5942
Step 183，Loss: 0.367726，PSNR: 8.5573，SSIM: 0.6194
Step 184，Loss: 0.379952，PSNR: 8.1924，SSIM: 0.5269
Step 185，Loss: 0.341899，PSNR: 9.0938，SSIM: 0.6838
Epoch 1，Train Batch 186/965，Loss: 0.333140
Step 186，Loss: 0.333140，PSNR: 9.2656，SSIM: 0.6522
Step 187，Loss: 0.361859，PSNR: 8.5055，SSIM: 0.6069
Step 188，Loss: 0.370345，PSNR: 8.5420，SSIM: 0.6237
Step 189，Loss: 0.339979，PSNR: 9.1062，SSIM: 0.6744
Step 190，Loss: 0.311874，PSNR: 9.6511，SSIM: 0.6798
Epoch 1，Train Batch 191/965，Loss: 0.315611
Step 191，Loss: 0.315611，PSNR: 9.6204，SSIM: 0.6225
Step 192，Loss: 0.344755，PSNR: 8.9015，SSIM: 0.6413
Step 193，Loss: 0.355937，PSNR: 8.6316，SSIM: 0.6458
Step 194，Loss: 0.361249，PSNR: 8.3931，SSIM: 0.5815
Step 195，Loss: 0.335556，PSNR: 9.1122，SSIM: 0.5742
Epoch 1，Train Batch 196/965，Loss: 0.332301
Step 196，Loss: 0.332301，PSNR: 9.2710，SSIM: 0.6454
Step 197，Loss: 0.363542，PSNR: 8.3048，SSIM: 0.5280
Step 198，Loss: 0.356810，PSNR: 8.5589，SSIM: 0.5586
Step 199，Loss: 0.336992，PSNR: 9.2144，SSIM: 0.6803
Step 200，Loss: 0.343628，PSNR: 9.0949，SSIM: 0.6212
Epoch 1，Train Batch 201/965，Loss: 0.351265
Step 201，Loss: 0.351265，PSNR: 8.6664，SSIM: 0.5985
Step 202，Loss: 0.344157，PSNR: 9.0094，SSIM: 0.5811
Step 203，Loss: 0.348450，PSNR: 8.7729，SSIM: 0.6435
Step 204，Loss: 0.331711，PSNR: 9.2091，SSIM: 0.6271
Step 205，Loss: 0.379748，PSNR: 8.1309，SSIM: 0.4526
Epoch 1，Train Batch 206/965，Loss: 0.355889
Step 206，Loss: 0.355889，PSNR: 8.6453，SSIM: 0.5822
Step 207，Loss: 0.331448，PSNR: 9.1951，SSIM: 0.6050
Step 208，Loss: 0.318486，PSNR: 9.5802，SSIM: 0.6597
Step 209，Loss: 0.328633，PSNR: 9.3539，SSIM: 0.6825
Step 210，Loss: 0.398629，PSNR: 7.5574，SSIM: 0.3880
Epoch 1，Train Batch 211/965，Loss: 0.307226
Step 211，Loss: 0.307226，PSNR: 9.8297，SSIM: 0.6460
Step 212，Loss: 0.330705，PSNR: 9.2871，SSIM: 0.6133
Step 213，Loss: 0.347616，PSNR: 8.6194，SSIM: 0.5440
Step 214，Loss: 0.308674，PSNR: 9.8342，SSIM: 0.6734
Step 215，Loss: 0.320588，PSNR: 9.4906，SSIM: 0.6288
Epoch 1，Train Batch 216/965，Loss: 0.340866
Step 216，Loss: 0.340866，PSNR: 9.0218，SSIM: 0.6777
Step 217，Loss: 0.354782，PSNR: 8.8868，SSIM: 0.6732
Step 218，Loss: 0.396081，PSNR: 7.7666，SSIM: 0.3952
Step 219，Loss: 0.349100，PSNR: 8.9123，SSIM: 0.4990
Step 220，Loss: 0.344673，PSNR: 8.9289，SSIM: 0.6409
Epoch 1，Train Batch 221/965，Loss: 0.336295
Step 221，Loss: 0.336295，PSNR: 9.0874，SSIM: 0.6798
Step 222，Loss: 0.307821，PSNR: 9.7734，SSIM: 0.6075
Step 223，Loss: 0.329243，PSNR: 9.4180，SSIM: 0.7147
Step 224，Loss: 0.321051，PSNR: 9.6648，SSIM: 0.7560
Step 225，Loss: 0.308667，PSNR: 9.8656，SSIM: 0.6909
Epoch 1，Train Batch 226/965，Loss: 0.341587
Step 226，Loss: 0.341587，PSNR: 9.1624，SSIM: 0.6982
Step 227，Loss: 0.330529，PSNR: 9.0298，SSIM: 0.5297
Step 228，Loss: 0.311992，PSNR: 9.7881，SSIM: 0.7305
Step 229，Loss: 0.358999，PSNR: 8.3875，SSIM: 0.5809
Step 230，Loss: 0.306431，PSNR: 9.9298，SSIM: 0.7157
Epoch 1，Train Batch 231/965，Loss: 0.302908
Step 231，Loss: 0.302908，PSNR: 9.9947，SSIM: 0.7014
Step 232，Loss: 0.309113，PSNR: 9.8064，SSIM: 0.6795
Step 233，Loss: 0.330990，PSNR: 9.2939，SSIM: 0.6577
Step 234，Loss: 0.340967，PSNR: 8.8444，SSIM: 0.5665
Step 235，Loss: 0.352772，PSNR: 8.7870，SSIM: 0.6735
Epoch 1，Train Batch 236/965，Loss: 0.341084
Step 236，Loss: 0.341084，PSNR: 8.9336，SSIM: 0.6012
Step 237，Loss: 0.295091，PSNR: 10.1625，SSIM: 0.6835
Step 238，Loss: 0.299704，PSNR: 10.0307，SSIM: 0.6175
Step 239，Loss: 0.344361，PSNR: 8.8882，SSIM: 0.5064
Step 240，Loss: 0.346774，PSNR: 8.9135，SSIM: 0.5790
Epoch 1，Train Batch 241/965，Loss: 0.327560
Step 241，Loss: 0.327560，PSNR: 9.4292，SSIM: 0.6910
Step 242，Loss: 0.336208，PSNR: 8.9603，SSIM: 0.5839
Step 243，Loss: 0.368596，PSNR: 8.3278，SSIM: 0.5623
Step 244，Loss: 0.327715，PSNR: 9.2721，SSIM: 0.5461
Step 245，Loss: 0.342447，PSNR: 8.7840，SSIM: 0.4610
Epoch 1，Train Batch 246/965，Loss: 0.331418
Step 246，Loss: 0.331418，PSNR: 9.3026，SSIM: 0.6555
Step 247，Loss: 0.298014，PSNR: 10.1395，SSIM: 0.6463
Step 248，Loss: 0.346639，PSNR: 8.7052，SSIM: 0.5257
Step 249，Loss: 0.267516，PSNR: 11.0819，SSIM: 0.5825
Step 250，Loss: 0.320563，PSNR: 9.4904，SSIM: 0.6297
Epoch 1，Train Batch 251/965，Loss: 0.342347
Step 251，Loss: 0.342347，PSNR: 8.8329，SSIM: 0.5705
Step 252，Loss: 0.334457，PSNR: 9.0540，SSIM: 0.5655
Step 253，Loss: 0.326648，PSNR: 9.4086，SSIM: 0.6160
Step 254，Loss: 0.363347，PSNR: 8.4374，SSIM: 0.6203
Step 255，Loss: 0.344805，PSNR: 8.9266，SSIM: 0.5268
Epoch 1，Train Batch 256/965，Loss: 0.321074
Step 256，Loss: 0.321074，PSNR: 9.4774，SSIM: 0.5876
Step 257，Loss: 0.324641，PSNR: 9.5159，SSIM: 0.6751
Step 258，Loss: 0.302113，PSNR: 10.0337，SSIM: 0.6470
Step 259，Loss: 0.323811，PSNR: 9.5083，SSIM: 0.7011
Step 260，Loss: 0.337588，PSNR: 8.9177，SSIM: 0.5928
Epoch 1，Train Batch 261/965，Loss: 0.332320
Step 261，Loss: 0.332320，PSNR: 9.2464，SSIM: 0.6846
Step 262，Loss: 0.334641，PSNR: 9.1029，SSIM: 0.6160
Step 263，Loss: 0.337595，PSNR: 8.9755，SSIM: 0.6654
Step 264，Loss: 0.320164，PSNR: 9.5869，SSIM: 0.6726
Step 265，Loss: 0.329620，PSNR: 9.3508，SSIM: 0.6261
Epoch 1，Train Batch 266/965，Loss: 0.315578
Step 266，Loss: 0.315578，PSNR: 9.5746，SSIM: 0.7086
Step 267，Loss: 0.322743，PSNR: 9.5206，SSIM: 0.7099
Step 268，Loss: 0.323680，PSNR: 9.3652，SSIM: 0.6727
Step 269，Loss: 0.358298，PSNR: 8.3226，SSIM: 0.5289
Step 270，Loss: 0.320006，PSNR: 9.3999，SSIM: 0.6392
Epoch 1，Train Batch 271/965，Loss: 0.323156
Step 271，Loss: 0.323156，PSNR: 9.3975，SSIM: 0.6695
Step 272，Loss: 0.316944，PSNR: 9.4776，SSIM: 0.6472
Step 273，Loss: 0.383185，PSNR: 8.1212，SSIM: 0.2703
Step 274，Loss: 0.295466，PSNR: 10.1103，SSIM: 0.6322
Step 275，Loss: 0.317001，PSNR: 9.7670，SSIM: 0.7264
Epoch 1，Train Batch 276/965，Loss: 0.323647
Step 276，Loss: 0.323647，PSNR: 9.4982，SSIM: 0.6803
Step 277，Loss: 0.350944，PSNR: 8.5868，SSIM: 0.6410
Step 278，Loss: 0.282566，PSNR: 10.2243，SSIM: 0.6628
Step 279，Loss: 0.414808，PSNR: 7.4901，SSIM: 0.3995
Step 280，Loss: 0.304731，PSNR: 9.9568，SSIM: 0.6395
Epoch 1，Train Batch 281/965，Loss: 0.301206
Step 281，Loss: 0.301206，PSNR: 10.0124，SSIM: 0.6818
Step 282，Loss: 0.293608，PSNR: 10.3118，SSIM: 0.7147
Step 283，Loss: 0.314826，PSNR: 9.7420，SSIM: 0.6584
Step 284，Loss: 0.315798，PSNR: 9.6170，SSIM: 0.6477
Step 285，Loss: 0.328713，PSNR: 9.2663，SSIM: 0.6461
Epoch 1，Train Batch 286/965，Loss: 0.360896
Step 286，Loss: 0.360896，PSNR: 8.5127，SSIM: 0.3048
Step 287，Loss: 0.322728，PSNR: 9.4344，SSIM: 0.6315
Step 288，Loss: 0.297866，PSNR: 9.8916，SSIM: 0.5687
Step 289，Loss: 0.316950，PSNR: 9.6271，SSIM: 0.6661
Step 290，Loss: 0.324567，PSNR: 9.3664，SSIM: 0.5299
Epoch 1，Train Batch 291/965，Loss: 0.320889
Step 291，Loss: 0.320889，PSNR: 9.5044，SSIM: 0.6320
Step 292，Loss: 0.359381，PSNR: 8.4141，SSIM: 0.4752
Step 293，Loss: 0.319496，PSNR: 9.5324，SSIM: 0.5677
Step 294，Loss: 0.329185，PSNR: 9.2051，SSIM: 0.5023
Step 295，Loss: 0.299091，PSNR: 10.1472，SSIM: 0.6844
Epoch 1，Train Batch 296/965，Loss: 0.335860
Step 296，Loss: 0.335860，PSNR: 8.8689，SSIM: 0.5988
Step 297，Loss: 0.308459，PSNR: 9.8142，SSIM: 0.6944
Step 298，Loss: 0.314022，PSNR: 9.8218，SSIM: 0.6849
Step 299，Loss: 0.308770，PSNR: 9.8599，SSIM: 0.7047
Step 300，Loss: 0.310820，PSNR: 9.9257，SSIM: 0.7152
Epoch 1，Train Batch 301/965，Loss: 0.312003
Step 301，Loss: 0.312003，PSNR: 9.7919，SSIM: 0.6487
Step 302，Loss: 0.330694，PSNR: 9.3164，SSIM: 0.7059
Step 303，Loss: 0.313780，PSNR: 9.6848，SSIM: 0.6163
Step 304，Loss: 0.344316，PSNR: 9.1311，SSIM: 0.5765
Step 305，Loss: 0.309903，PSNR: 9.7930，SSIM: 0.6710
Epoch 1，Train Batch 306/965，Loss: 0.320804
Step 306，Loss: 0.320804，PSNR: 9.6741，SSIM: 0.7563
Step 307，Loss: 0.301612，PSNR: 9.8925，SSIM: 0.6398
Step 308，Loss: 0.308010，PSNR: 9.9584，SSIM: 0.7555
Step 309，Loss: 0.313128，PSNR: 9.8695，SSIM: 0.7085
Step 310，Loss: 0.313824，PSNR: 9.7527，SSIM: 0.6545
Epoch 1，Train Batch 311/965，Loss: 0.334541
Step 311，Loss: 0.334541，PSNR: 9.1728，SSIM: 0.6262
Step 312，Loss: 0.327695，PSNR: 9.1285，SSIM: 0.6614
Step 313，Loss: 0.291176，PSNR: 10.1455，SSIM: 0.5946
Step 314，Loss: 0.313570，PSNR: 9.8330，SSIM: 0.7227
Step 315，Loss: 0.299812，PSNR: 10.0233，SSIM: 0.6057
Epoch 1，Train Batch 316/965，Loss: 0.308586
Step 316，Loss: 0.308586，PSNR: 9.7557，SSIM: 0.7128
Step 317，Loss: 0.326292，PSNR: 9.2792，SSIM: 0.6271
Step 318，Loss: 0.305669，PSNR: 9.9747，SSIM: 0.7455
Step 319，Loss: 0.293607，PSNR: 10.2271，SSIM: 0.6431
Step 320，Loss: 0.290162，PSNR: 10.3894，SSIM: 0.7013
Epoch 1，Train Batch 321/965，Loss: 0.324848
Step 321，Loss: 0.324848，PSNR: 9.5662，SSIM: 0.6588
Step 322，Loss: 0.306686，PSNR: 9.9505，SSIM: 0.7269
Step 323，Loss: 0.345264，PSNR: 8.6234，SSIM: 0.5655
Step 324，Loss: 0.238045，PSNR: 11.6577，SSIM: 0.6391
Step 325，Loss: 0.297497，PSNR: 10.1371，SSIM: 0.6721
Epoch 1，Train Batch 326/965，Loss: 0.328126
Step 326，Loss: 0.328126，PSNR: 9.3288，SSIM: 0.6468
Step 327，Loss: 0.287184，PSNR: 10.5522，SSIM: 0.7665
Step 328，Loss: 0.319004，PSNR: 9.6639，SSIM: 0.6768
Step 329，Loss: 0.292456，PSNR: 10.3266，SSIM: 0.7362
Step 330，Loss: 0.298025，PSNR: 9.8615，SSIM: 0.6101
Epoch 1，Train Batch 331/965，Loss: 0.327370
Step 331，Loss: 0.327370，PSNR: 9.3577，SSIM: 0.7445
Step 332，Loss: 0.319525，PSNR: 9.5264，SSIM: 0.6722
Step 333，Loss: 0.297133，PSNR: 10.2863，SSIM: 0.7092
Step 334，Loss: 0.297073，PSNR: 10.2844，SSIM: 0.7773
Step 335，Loss: 0.293591，PSNR: 10.2982，SSIM: 0.6773
Epoch 1，Train Batch 336/965，Loss: 0.324214
Step 336，Loss: 0.324214，PSNR: 9.4638，SSIM: 0.6565
Step 337，Loss: 0.304955，PSNR: 9.7409，SSIM: 0.6273
Step 338，Loss: 0.276572，PSNR: 10.7386，SSIM: 0.6539
Step 339，Loss: 0.278352，PSNR: 10.5473，SSIM: 0.7232
Step 340，Loss: 0.301683，PSNR: 10.0872，SSIM: 0.7215
Epoch 1，Train Batch 341/965，Loss: 0.317214
Step 341，Loss: 0.317214，PSNR: 9.4298，SSIM: 0.6117
Step 342，Loss: 0.300357，PSNR: 10.1420，SSIM: 0.6517
Step 343，Loss: 0.317718，PSNR: 9.3494，SSIM: 0.5861
Step 344，Loss: 0.301145，PSNR: 9.9657，SSIM: 0.6971
Step 345，Loss: 0.281661，PSNR: 10.6267，SSIM: 0.6709
Epoch 1，Train Batch 346/965，Loss: 0.325930
Step 346，Loss: 0.325930，PSNR: 9.1195，SSIM: 0.6085
Step 347，Loss: 0.332834，PSNR: 9.1520，SSIM: 0.7025
Step 348，Loss: 0.300230，PSNR: 10.2821，SSIM: 0.6698
Step 349，Loss: 0.268085，PSNR: 10.9490，SSIM: 0.6321
Step 350，Loss: 0.225353，PSNR: 11.7519，SSIM: 0.6369
Epoch 1，Train Batch 351/965，Loss: 0.303011
Step 351，Loss: 0.303011，PSNR: 10.1848，SSIM: 0.7275
Step 352，Loss: 0.313751，PSNR: 9.6367，SSIM: 0.6771
Step 353，Loss: 0.309314，PSNR: 9.8626，SSIM: 0.7254
Step 354，Loss: 0.303373，PSNR: 9.8462，SSIM: 0.6472
Step 355，Loss: 0.281435，PSNR: 10.6489，SSIM: 0.7057
Epoch 1，Train Batch 356/965，Loss: 0.315700
Step 356，Loss: 0.315700，PSNR: 9.7322，SSIM: 0.6583
Step 357，Loss: 0.283884，PSNR: 10.5617，SSIM: 0.6988
Step 358，Loss: 0.323735，PSNR: 9.6459，SSIM: 0.7042
Step 359，Loss: 0.293661，PSNR: 10.3747，SSIM: 0.7148
Step 360，Loss: 0.285055，PSNR: 10.5758，SSIM: 0.7447
Epoch 1，Train Batch 361/965，Loss: 0.286303
Step 361，Loss: 0.286303，PSNR: 10.2428，SSIM: 0.6180
Step 362，Loss: 0.328896，PSNR: 8.9969，SSIM: 0.6070
Step 363，Loss: 0.299149，PSNR: 10.2517，SSIM: 0.7700
Step 364，Loss: 0.317396，PSNR: 9.7006，SSIM: 0.7238
Step 365，Loss: 0.312776，PSNR: 9.6273，SSIM: 0.6406
Epoch 1，Train Batch 366/965，Loss: 0.292366
Step 366，Loss: 0.292366，PSNR: 10.3720，SSIM: 0.7098
Step 367，Loss: 0.281865，PSNR: 10.6761，SSIM: 0.7416
Step 368，Loss: 0.292755，PSNR: 10.2500，SSIM: 0.7009
Step 369，Loss: 0.298290，PSNR: 10.0398，SSIM: 0.7072
Step 370，Loss: 0.279782，PSNR: 10.6472，SSIM: 0.6984
Epoch 1，Train Batch 371/965，Loss: 0.301658
Step 371，Loss: 0.301658，PSNR: 9.9659，SSIM: 0.6517
Step 372，Loss: 0.318694，PSNR: 9.2581，SSIM: 0.5917
Step 373，Loss: 0.312542，PSNR: 9.6255，SSIM: 0.6821
Step 374，Loss: 0.317748，PSNR: 9.3110，SSIM: 0.6056
Step 375，Loss: 0.287430，PSNR: 10.3605，SSIM: 0.6957
Epoch 1，Train Batch 376/965，Loss: 0.288830
Step 376，Loss: 0.288830，PSNR: 10.4810，SSIM: 0.6604
Step 377，Loss: 0.304338，PSNR: 9.8252，SSIM: 0.6615
Step 378，Loss: 0.296710，PSNR: 10.1580，SSIM: 0.6706
Step 379，Loss: 0.291599，PSNR: 10.1662，SSIM: 0.6665
Step 380，Loss: 0.270105，PSNR: 10.9825，SSIM: 0.7237
Epoch 1，Train Batch 381/965，Loss: 0.284350
Step 381，Loss: 0.284350，PSNR: 10.2550，SSIM: 0.5906
Step 382，Loss: 0.265546，PSNR: 11.0785，SSIM: 0.7140
Step 383，Loss: 0.293321，PSNR: 10.3882，SSIM: 0.7469
Step 384，Loss: 0.264608，PSNR: 11.1482，SSIM: 0.7670
Step 385，Loss: 0.279574，PSNR: 10.7139，SSIM: 0.7274
Epoch 1，Train Batch 386/965，Loss: 0.309108
Step 386，Loss: 0.309108，PSNR: 9.7969，SSIM: 0.7092
Step 387，Loss: 0.296918，PSNR: 10.1937，SSIM: 0.7157
Step 388，Loss: 0.285111，PSNR: 10.0971，SSIM: 0.6107
Step 389，Loss: 0.290916，PSNR: 10.2631，SSIM: 0.7142
Step 390，Loss: 0.314034，PSNR: 9.5308，SSIM: 0.5530
Epoch 1，Train Batch 391/965，Loss: 0.287621
Step 391，Loss: 0.287621，PSNR: 10.4210，SSIM: 0.6871
Step 392，Loss: 0.276915，PSNR: 10.6931，SSIM: 0.6487
Step 393，Loss: 0.277545，PSNR: 10.7904，SSIM: 0.7332
Step 394，Loss: 0.288801，PSNR: 10.5579，SSIM: 0.7193
Step 395，Loss: 0.288098，PSNR: 10.4067，SSIM: 0.6761
Epoch 1，Train Batch 396/965，Loss: 0.269819
Step 396，Loss: 0.269819，PSNR: 10.9009，SSIM: 0.7044
Step 397，Loss: 0.307278，PSNR: 9.7042，SSIM: 0.6699
Step 398，Loss: 0.261726，PSNR: 11.2293，SSIM: 0.7157
Step 399，Loss: 0.287806，PSNR: 10.5872，SSIM: 0.7652
Step 400，Loss: 0.294164，PSNR: 10.4079，SSIM: 0.7233
Epoch 1，Train Batch 401/965，Loss: 0.268324
Step 401，Loss: 0.268324，PSNR: 10.9302，SSIM: 0.6210
Step 402，Loss: 0.265513，PSNR: 11.1821，SSIM: 0.7376
Step 403，Loss: 0.300778，PSNR: 9.7356，SSIM: 0.5655
Step 404，Loss: 0.261315，PSNR: 11.2333，SSIM: 0.6944
Step 405，Loss: 0.283247，PSNR: 10.4877，SSIM: 0.6884
Epoch 1，Train Batch 406/965，Loss: 0.312990
Step 406，Loss: 0.312990，PSNR: 9.5542，SSIM: 0.6275
Step 407，Loss: 0.298365，PSNR: 9.7739，SSIM: 0.6174
Step 408，Loss: 0.315441，PSNR: 9.3073，SSIM: 0.5502
Step 409，Loss: 0.323363，PSNR: 9.2089，SSIM: 0.5625
Step 410，Loss: 0.278830，PSNR: 10.7740，SSIM: 0.7396
Epoch 1，Train Batch 411/965，Loss: 0.277115
Step 411，Loss: 0.277115，PSNR: 10.6859，SSIM: 0.7277
Step 412，Loss: 0.261891，PSNR: 11.2562，SSIM: 0.7074
Step 413，Loss: 0.298708，PSNR: 9.8990，SSIM: 0.6295
Step 414，Loss: 0.290125，PSNR: 10.1389，SSIM: 0.7054
Step 415，Loss: 0.304633，PSNR: 9.8480，SSIM: 0.6817
Epoch 1，Train Batch 416/965，Loss: 0.307483
Step 416，Loss: 0.307483，PSNR: 9.5441，SSIM: 0.5506
Step 417，Loss: 0.269243，PSNR: 10.8920，SSIM: 0.6918
Step 418，Loss: 0.295390，PSNR: 10.3591，SSIM: 0.6942
Step 419，Loss: 0.298502，PSNR: 9.9551，SSIM: 0.6413
Step 420，Loss: 0.280797，PSNR: 10.6167，SSIM: 0.7121
Epoch 1，Train Batch 421/965，Loss: 0.278513
Step 421，Loss: 0.278513，PSNR: 10.7915，SSIM: 0.7422
Step 422，Loss: 0.264198，PSNR: 11.1747，SSIM: 0.6905
Step 423，Loss: 0.283097，PSNR: 10.7919，SSIM: 0.7963
Step 424，Loss: 0.292247，PSNR: 10.1874，SSIM: 0.6514
Step 425，Loss: 0.293087，PSNR: 10.1211，SSIM: 0.6852
Epoch 1，Train Batch 426/965，Loss: 0.289471
Step 426，Loss: 0.289471，PSNR: 10.4777，SSIM: 0.7101
Step 427，Loss: 0.276774，PSNR: 10.7746，SSIM: 0.7116
Step 428，Loss: 0.276586，PSNR: 10.6796，SSIM: 0.7144
Step 429，Loss: 0.281472，PSNR: 10.8152，SSIM: 0.7663
Step 430，Loss: 0.288815，PSNR: 10.5175，SSIM: 0.7303
Epoch 1，Train Batch 431/965，Loss: 0.288718
Step 431，Loss: 0.288718，PSNR: 10.3389，SSIM: 0.6497
Step 432，Loss: 0.268997，PSNR: 11.1138，SSIM: 0.7576
Step 433，Loss: 0.292111，PSNR: 10.3138，SSIM: 0.7159
Step 434，Loss: 0.279138，PSNR: 10.5569，SSIM: 0.6921
Step 435，Loss: 0.270880，PSNR: 10.8510，SSIM: 0.6658
Epoch 1，Train Batch 436/965，Loss: 0.255364
Step 436，Loss: 0.255364，PSNR: 11.2708，SSIM: 0.6647
Step 437，Loss: 0.298114，PSNR: 9.9217，SSIM: 0.6204
Step 438，Loss: 0.282239，PSNR: 10.4201，SSIM: 0.5922
Step 439，Loss: 0.295743，PSNR: 10.0780，SSIM: 0.7109
Step 440，Loss: 0.290320，PSNR: 10.3128，SSIM: 0.6752
Epoch 1，Train Batch 441/965，Loss: 0.296348
Step 441，Loss: 0.296348，PSNR: 9.9739，SSIM: 0.6221
Step 442，Loss: 0.268083，PSNR: 11.0216，SSIM: 0.7287
Step 443，Loss: 0.276898，PSNR: 10.9222，SSIM: 0.7123
Step 444，Loss: 0.259292，PSNR: 11.3605，SSIM: 0.7183
Step 445，Loss: 0.266583，PSNR: 11.1628，SSIM: 0.7213
Epoch 1，Train Batch 446/965，Loss: 0.256406
Step 446，Loss: 0.256406，PSNR: 11.3509，SSIM: 0.6778
Step 447，Loss: 0.279879，PSNR: 10.8189，SSIM: 0.7455
Step 448，Loss: 0.258057，PSNR: 11.3944，SSIM: 0.7322
Step 449，Loss: 0.286916，PSNR: 10.4789，SSIM: 0.6744
Step 450，Loss: 0.287462，PSNR: 10.5823，SSIM: 0.7432
Epoch 1，Train Batch 451/965，Loss: 0.268998
Step 451，Loss: 0.268998，PSNR: 11.0035，SSIM: 0.6808
Step 452，Loss: 0.281235，PSNR: 10.4371，SSIM: 0.7122
Step 453，Loss: 0.304405，PSNR: 9.6719，SSIM: 0.6128
Step 454，Loss: 0.214957，PSNR: 12.5342，SSIM: 0.6536
Step 455，Loss: 0.271256，PSNR: 10.6692，SSIM: 0.6827
Epoch 1，Train Batch 456/965，Loss: 0.278857
Step 456，Loss: 0.278857，PSNR: 10.7266，SSIM: 0.7012
Step 457，Loss: 0.269619，PSNR: 11.0032，SSIM: 0.7171
Step 458，Loss: 0.296074，PSNR: 10.0460，SSIM: 0.5411
Step 459，Loss: 0.256046，PSNR: 11.2033，SSIM: 0.7145
Step 460，Loss: 0.275943，PSNR: 10.6261，SSIM: 0.7182
Epoch 1，Train Batch 461/965，Loss: 0.277891
Step 461，Loss: 0.277891，PSNR: 10.9054，SSIM: 0.7854
Step 462，Loss: 0.226848，PSNR: 12.3411，SSIM: 0.7417
Step 463，Loss: 0.289749，PSNR: 10.4746，SSIM: 0.7794
Step 464，Loss: 0.270678，PSNR: 10.9227，SSIM: 0.6894
Step 465，Loss: 0.257374，PSNR: 11.5657，SSIM: 0.8129
Epoch 1，Train Batch 466/965，Loss: 0.297566
Step 466，Loss: 0.297566，PSNR: 9.8714，SSIM: 0.6959
Step 467，Loss: 0.283091，PSNR: 10.7983，SSIM: 0.7430
Step 468，Loss: 0.235193，PSNR: 11.8684，SSIM: 0.6905
Step 469，Loss: 0.254963，PSNR: 11.4806，SSIM: 0.7283
Step 470，Loss: 0.256915，PSNR: 11.3283，SSIM: 0.7268
Epoch 1，Train Batch 471/965，Loss: 0.285988
Step 471，Loss: 0.285988，PSNR: 10.4865，SSIM: 0.6573
Step 472，Loss: 0.303145，PSNR: 9.7313，SSIM: 0.6710
Step 473，Loss: 0.264091，PSNR: 11.2973，SSIM: 0.7609
Step 474，Loss: 0.264092，PSNR: 11.2741，SSIM: 0.7316
Step 475，Loss: 0.274655，PSNR: 10.7423，SSIM: 0.7118
Epoch 1，Train Batch 476/965，Loss: 0.273733
Step 476，Loss: 0.273733，PSNR: 11.0335，SSIM: 0.7586
Step 477，Loss: 0.256805，PSNR: 11.3180，SSIM: 0.7054
Step 478，Loss: 0.254337，PSNR: 11.5836，SSIM: 0.7558
Step 479，Loss: 0.239788，PSNR: 11.9515，SSIM: 0.7248
Step 480，Loss: 0.267434，PSNR: 11.1841，SSIM: 0.7438
Epoch 1，Train Batch 481/965，Loss: 0.292847
Step 481，Loss: 0.292847，PSNR: 9.9603，SSIM: 0.6346
Step 482，Loss: 0.256605，PSNR: 11.4528，SSIM: 0.7234
Step 483，Loss: 0.262752，PSNR: 11.3495，SSIM: 0.7622
Step 484，Loss: 0.247713，PSNR: 11.7147，SSIM: 0.7107
Step 485，Loss: 0.261444，PSNR: 11.0953，SSIM: 0.6850
Epoch 1，Train Batch 486/965，Loss: 0.270838
Step 486，Loss: 0.270838，PSNR: 10.7735，SSIM: 0.7362
Step 487，Loss: 0.274840，PSNR: 10.5581，SSIM: 0.6599
Step 488，Loss: 0.243815，PSNR: 11.7485，SSIM: 0.7113
Step 489，Loss: 0.255835，PSNR: 11.2404，SSIM: 0.7168
Step 490，Loss: 0.254068，PSNR: 11.5968，SSIM: 0.7553
Epoch 1，Train Batch 491/965，Loss: 0.221716
Step 491，Loss: 0.221716，PSNR: 12.4854，SSIM: 0.7529
Step 492，Loss: 0.242637，PSNR: 11.9003，SSIM: 0.7592
Step 493，Loss: 0.258676，PSNR: 11.4301，SSIM: 0.6798
Step 494，Loss: 0.245494，PSNR: 11.8619，SSIM: 0.7754
Step 495，Loss: 0.237088，PSNR: 11.8315，SSIM: 0.6764
Epoch 1，Train Batch 496/965，Loss: 0.265011
Step 496，Loss: 0.265011，PSNR: 10.9041，SSIM: 0.7112
Step 497，Loss: 0.245276，PSNR: 11.7028，SSIM: 0.7301
Step 498，Loss: 0.267424，PSNR: 10.9112，SSIM: 0.6758
Step 499，Loss: 0.265439，PSNR: 10.9082，SSIM: 0.7056
Step 500，Loss: 0.235561，PSNR: 12.1503，SSIM: 0.7215
Epoch 1，Train Batch 501/965，Loss: 0.243912
Step 501，Loss: 0.243912，PSNR: 11.8640，SSIM: 0.7309
Step 502，Loss: 0.251104，PSNR: 11.6743，SSIM: 0.7574
Step 503，Loss: 0.238284，PSNR: 12.0019，SSIM: 0.7663
Step 504，Loss: 0.242919，PSNR: 11.7514，SSIM: 0.7474
Step 505，Loss: 0.253445，PSNR: 11.4369，SSIM: 0.7209
Epoch 1，Train Batch 506/965，Loss: 0.229089
Step 506，Loss: 0.229089，PSNR: 12.3446，SSIM: 0.7628
Step 507，Loss: 0.253532，PSNR: 11.5460，SSIM: 0.7491
Step 508，Loss: 0.238870，PSNR: 12.0174，SSIM: 0.7681
Step 509，Loss: 0.269843，PSNR: 11.2036，SSIM: 0.7286
Step 510，Loss: 0.279231，PSNR: 10.2168，SSIM: 0.6694
Epoch 1，Train Batch 511/965，Loss: 0.250699
Step 511，Loss: 0.250699，PSNR: 11.5883，SSIM: 0.7749
Step 512，Loss: 0.230934，PSNR: 12.1227，SSIM: 0.7084
Step 513，Loss: 0.233945，PSNR: 12.2033，SSIM: 0.8020
Step 514，Loss: 0.271065，PSNR: 10.4537，SSIM: 0.6794
Step 515，Loss: 0.255109，PSNR: 11.5686，SSIM: 0.7894
Epoch 1，Train Batch 516/965，Loss: 0.272421
Step 516，Loss: 0.272421，PSNR: 10.8636，SSIM: 0.7235
Step 517，Loss: 0.260588，PSNR: 10.7510，SSIM: 0.7475
Step 518，Loss: 0.253585，PSNR: 11.6452，SSIM: 0.7704
Step 519，Loss: 0.237053，PSNR: 12.0447，SSIM: 0.7415
Step 520，Loss: 0.257035，PSNR: 11.3635，SSIM: 0.7637
Epoch 1，Train Batch 521/965，Loss: 0.264134
Step 521，Loss: 0.264134，PSNR: 10.8303，SSIM: 0.5878
Step 522，Loss: 0.253041，PSNR: 11.4225，SSIM: 0.6795
Step 523，Loss: 0.238502，PSNR: 12.0376，SSIM: 0.7645
Step 524，Loss: 0.244804，PSNR: 11.3740，SSIM: 0.6834
Step 525，Loss: 0.251811，PSNR: 11.1482，SSIM: 0.7108
Epoch 1，Train Batch 526/965，Loss: 0.260322
Step 526，Loss: 0.260322，PSNR: 11.3193，SSIM: 0.6007
Step 527，Loss: 0.242584，PSNR: 11.8817，SSIM: 0.7466
Step 528，Loss: 0.229747，PSNR: 12.3168，SSIM: 0.7757
Step 529，Loss: 0.270942，PSNR: 10.7032，SSIM: 0.6846
Step 530，Loss: 0.254699，PSNR: 11.5832，SSIM: 0.7812
Epoch 1，Train Batch 531/965，Loss: 0.231805
Step 531，Loss: 0.231805，PSNR: 12.1289，SSIM: 0.7699
Step 532，Loss: 0.248376，PSNR: 11.4610，SSIM: 0.7431
Step 533，Loss: 0.239404，PSNR: 12.0961，SSIM: 0.8125
Step 534，Loss: 0.249019，PSNR: 11.3838，SSIM: 0.6730
Step 535，Loss: 0.235589，PSNR: 12.2091，SSIM: 0.7873
Epoch 1，Train Batch 536/965，Loss: 0.256578
Step 536，Loss: 0.256578，PSNR: 11.5481，SSIM: 0.7580
Step 537，Loss: 0.244031，PSNR: 11.8114，SSIM: 0.7102
Step 538，Loss: 0.232818，PSNR: 12.2992，SSIM: 0.8037
Step 539，Loss: 0.250553，PSNR: 11.3814，SSIM: 0.6692
Step 540，Loss: 0.257309，PSNR: 11.2487，SSIM: 0.6844
Epoch 1，Train Batch 541/965，Loss: 0.255096
Step 541，Loss: 0.255096，PSNR: 11.5108，SSIM: 0.7259
Step 542，Loss: 0.245504，PSNR: 11.3225，SSIM: 0.6572
Step 543，Loss: 0.254961，PSNR: 11.5743，SSIM: 0.7603
Step 544，Loss: 0.242665，PSNR: 11.4678，SSIM: 0.7162
Step 545，Loss: 0.248640，PSNR: 11.5782，SSIM: 0.7175
Epoch 1，Train Batch 546/965，Loss: 0.247458
Step 546，Loss: 0.247458，PSNR: 11.7792，SSIM: 0.7428
Step 547，Loss: 0.269977，PSNR: 10.6393，SSIM: 0.6834
Step 548，Loss: 0.242708，PSNR: 11.9377，SSIM: 0.7707
Step 549，Loss: 0.249209，PSNR: 11.6443，SSIM: 0.7508
Step 550，Loss: 0.258959，PSNR: 11.1205，SSIM: 0.7397
Epoch 1，Train Batch 551/965，Loss: 0.234749
Step 551，Loss: 0.234749，PSNR: 11.7731，SSIM: 0.6899
Step 552，Loss: 0.234840，PSNR: 12.2372，SSIM: 0.7758
Step 553，Loss: 0.228955，PSNR: 12.4069，SSIM: 0.7707
Step 554，Loss: 0.244905，PSNR: 11.8401，SSIM: 0.7666
Step 555，Loss: 0.267339，PSNR: 10.9111，SSIM: 0.7391
Epoch 1，Train Batch 556/965，Loss: 0.246425
Step 556，Loss: 0.246425，PSNR: 11.8958，SSIM: 0.7873
Step 557，Loss: 0.255172，PSNR: 11.1615，SSIM: 0.6689
Step 558，Loss: 0.249495，PSNR: 11.7758，SSIM: 0.7764
Step 559，Loss: 0.247324，PSNR: 11.8538，SSIM: 0.7663
Step 560，Loss: 0.247156，PSNR: 11.6003，SSIM: 0.7579
Epoch 1，Train Batch 561/965，Loss: 0.218028
Step 561，Loss: 0.218028，PSNR: 12.8218，SSIM: 0.7591
Step 562，Loss: 0.286876，PSNR: 10.2968，SSIM: 0.6194
Step 563，Loss: 0.208094，PSNR: 13.1482，SSIM: 0.7821
Step 564，Loss: 0.251106，PSNR: 11.2351，SSIM: 0.7315
Step 565，Loss: 0.255479，PSNR: 11.2971，SSIM: 0.7055
Epoch 1，Train Batch 566/965，Loss: 0.239452
Step 566，Loss: 0.239452，PSNR: 11.6024，SSIM: 0.7125
Step 567，Loss: 0.250035，PSNR: 11.4233，SSIM: 0.7063
Step 568，Loss: 0.234124，PSNR: 12.1786，SSIM: 0.7464
Step 569，Loss: 0.257784，PSNR: 11.0026，SSIM: 0.6445
Step 570，Loss: 0.249042，PSNR: 11.3558，SSIM: 0.7321
Epoch 1，Train Batch 571/965，Loss: 0.240073
Step 571，Loss: 0.240073，PSNR: 11.8717，SSIM: 0.7773
Step 572，Loss: 0.223002，PSNR: 12.4370，SSIM: 0.7611
Step 573，Loss: 0.226334，PSNR: 12.2371，SSIM: 0.7745
Step 574，Loss: 0.245438，PSNR: 11.9837，SSIM: 0.8160
Step 575，Loss: 0.212277，PSNR: 12.9486，SSIM: 0.7808
Epoch 1，Train Batch 576/965，Loss: 0.244309
Step 576，Loss: 0.244309，PSNR: 11.7327，SSIM: 0.7527
Step 577，Loss: 0.241290，PSNR: 12.0911，SSIM: 0.8147
Step 578，Loss: 0.229287，PSNR: 12.3878，SSIM: 0.7862
Step 579，Loss: 0.287180，PSNR: 10.2017，SSIM: 0.5785
Step 580，Loss: 0.235508，PSNR: 11.8854，SSIM: 0.7682
Epoch 1，Train Batch 581/965，Loss: 0.225393
Step 581，Loss: 0.225393，PSNR: 12.5388，SSIM: 0.7724
Step 582，Loss: 0.229318，PSNR: 12.4642，SSIM: 0.7503
Step 583，Loss: 0.219299，PSNR: 12.6154，SSIM: 0.7577
Step 584，Loss: 0.219044，PSNR: 12.8487，SSIM: 0.8024
Step 585，Loss: 0.246348，PSNR: 11.8111，SSIM: 0.6803
Epoch 1，Train Batch 586/965，Loss: 0.240689
Step 586，Loss: 0.240689，PSNR: 12.0456，SSIM: 0.7726
Step 587，Loss: 0.241264，PSNR: 11.5450，SSIM: 0.6979
Step 588，Loss: 0.241462，PSNR: 11.5240，SSIM: 0.7371
Step 589，Loss: 0.252047，PSNR: 10.9420，SSIM: 0.6657
Step 590，Loss: 0.278551，PSNR: 9.9069，SSIM: 0.5386
Epoch 1，Train Batch 591/965，Loss: 0.238940
Step 591，Loss: 0.238940，PSNR: 11.8038，SSIM: 0.7449
Step 592，Loss: 0.248625，PSNR: 11.8796，SSIM: 0.7646
Step 593，Loss: 0.261288，PSNR: 11.3502，SSIM: 0.7150
Step 594，Loss: 0.239269，PSNR: 11.7732，SSIM: 0.6884
Step 595，Loss: 0.259881，PSNR: 10.8118，SSIM: 0.6809
Epoch 1，Train Batch 596/965，Loss: 0.233233
Step 596，Loss: 0.233233，PSNR: 12.2946，SSIM: 0.7725
Step 597，Loss: 0.236982，PSNR: 11.8528，SSIM: 0.7341
Step 598，Loss: 0.240439，PSNR: 11.6787，SSIM: 0.7179
Step 599，Loss: 0.280697，PSNR: 9.5981，SSIM: 0.5637
Step 600，Loss: 0.259633，PSNR: 10.8479，SSIM: 0.6927
Epoch 1，Train Batch 601/965，Loss: 0.233346
Step 601，Loss: 0.233346，PSNR: 12.0763，SSIM: 0.7428
Step 602，Loss: 0.225101，PSNR: 12.3714，SSIM: 0.7669
Step 603，Loss: 0.266816，PSNR: 10.7499，SSIM: 0.6637
Step 604，Loss: 0.210192，PSNR: 13.0785，SSIM: 0.7652
Step 605，Loss: 0.209214，PSNR: 13.1142，SSIM: 0.7821
Epoch 1，Train Batch 606/965，Loss: 0.241344
Step 606，Loss: 0.241344，PSNR: 11.6300，SSIM: 0.7001
Step 607，Loss: 0.251660，PSNR: 11.0493，SSIM: 0.5782
Step 608，Loss: 0.248141，PSNR: 11.0162，SSIM: 0.6677
Step 609，Loss: 0.239663，PSNR: 11.9480，SSIM: 0.7624
Step 610，Loss: 0.207246，PSNR: 13.1753，SSIM: 0.7542
Epoch 1，Train Batch 611/965，Loss: 0.232216
Step 611，Loss: 0.232216，PSNR: 12.3152，SSIM: 0.7556
Step 612，Loss: 0.214516，PSNR: 12.8176，SSIM: 0.7407
Step 613，Loss: 0.223112，PSNR: 12.5660，SSIM: 0.8063
Step 614，Loss: 0.234120，PSNR: 11.8494，SSIM: 0.7167
Step 615，Loss: 0.229111，PSNR: 12.3468，SSIM: 0.7830
Epoch 1，Train Batch 616/965，Loss: 0.268019
Step 616，Loss: 0.268019，PSNR: 10.6935，SSIM: 0.4974
Step 617，Loss: 0.280685，PSNR: 10.4042，SSIM: 0.5322
Step 618，Loss: 0.233879，PSNR: 12.2324，SSIM: 0.8070
Step 619，Loss: 0.285066，PSNR: 10.5718，SSIM: 0.6241
Step 620，Loss: 0.213563，PSNR: 13.0035，SSIM: 0.7882
Epoch 1，Train Batch 621/965，Loss: 0.254327
Step 621，Loss: 0.254327，PSNR: 11.6821，SSIM: 0.5527
Step 622，Loss: 0.233975，PSNR: 12.2298，SSIM: 0.7449
Step 623，Loss: 0.246080，PSNR: 11.5246，SSIM: 0.6833
Step 624，Loss: 0.214611，PSNR: 12.9523，SSIM: 0.7865
Step 625，Loss: 0.276456，PSNR: 10.5585，SSIM: 0.6136
Epoch 1，Train Batch 626/965，Loss: 0.230478
Step 626，Loss: 0.230478，PSNR: 12.4796，SSIM: 0.8078
Step 627，Loss: 0.215236，PSNR: 12.4906，SSIM: 0.7014
Step 628，Loss: 0.245833，PSNR: 11.4291，SSIM: 0.6831
Step 629，Loss: 0.253845，PSNR: 11.1105，SSIM: 0.6985
Step 630，Loss: 0.261649，PSNR: 11.0448，SSIM: 0.6625
Epoch 1，Train Batch 631/965，Loss: 0.213542
Step 631，Loss: 0.213542，PSNR: 12.9689，SSIM: 0.7831
Step 632，Loss: 0.231909，PSNR: 12.3260，SSIM: 0.7212
Step 633，Loss: 0.234612，PSNR: 12.0890，SSIM: 0.7482
Step 634，Loss: 0.239344，PSNR: 12.1373，SSIM: 0.7756
Step 635，Loss: 0.226057，PSNR: 12.4022，SSIM: 0.7945
Epoch 1，Train Batch 636/965，Loss: 0.234550
Step 636，Loss: 0.234550，PSNR: 12.1161，SSIM: 0.7821
Step 637，Loss: 0.234621，PSNR: 11.5348，SSIM: 0.6052
Step 638，Loss: 0.221499，PSNR: 12.8357，SSIM: 0.8137
Step 639，Loss: 0.223646，PSNR: 12.7047，SSIM: 0.8180
Step 640，Loss: 0.210185，PSNR: 12.6575，SSIM: 0.7770
Epoch 1，Train Batch 641/965，Loss: 0.267374
Step 641，Loss: 0.267374，PSNR: 10.1361，SSIM: 0.5993
Step 642，Loss: 0.225316，PSNR: 12.6358，SSIM: 0.8155
Step 643，Loss: 0.222445，PSNR: 12.4407，SSIM: 0.7582
Step 644，Loss: 0.231791，PSNR: 12.1310，SSIM: 0.7093
Step 645，Loss: 0.249870，PSNR: 11.3600，SSIM: 0.5048
Epoch 1，Train Batch 646/965，Loss: 0.205169
Step 646，Loss: 0.205169，PSNR: 13.2122，SSIM: 0.7656
Step 647，Loss: 0.218055，PSNR: 12.2153，SSIM: 0.7254
Step 648，Loss: 0.217921，PSNR: 12.8544，SSIM: 0.7886
Step 649，Loss: 0.231122，PSNR: 11.9000，SSIM: 0.7360
Step 650，Loss: 0.244187，PSNR: 11.0772，SSIM: 0.6525
Epoch 1，Train Batch 651/965，Loss: 0.218970
Step 651，Loss: 0.218970，PSNR: 12.4156，SSIM: 0.7471
Step 652，Loss: 0.220998，PSNR: 12.3597，SSIM: 0.7202
Step 653，Loss: 0.249364，PSNR: 11.6613，SSIM: 0.7982
Step 654，Loss: 0.217860，PSNR: 12.6401，SSIM: 0.7377
Step 655，Loss: 0.226438，PSNR: 12.1638，SSIM: 0.7389
Epoch 1，Train Batch 656/965，Loss: 0.200681
Step 656，Loss: 0.200681，PSNR: 13.5503，SSIM: 0.8091
Step 657，Loss: 0.223024，PSNR: 12.6250，SSIM: 0.7744
Step 658，Loss: 0.210443，PSNR: 13.0951，SSIM: 0.7726
Step 659，Loss: 0.225071，PSNR: 12.5511，SSIM: 0.7669
Step 660，Loss: 0.254888，PSNR: 10.7034，SSIM: 0.6623
Epoch 1，Train Batch 661/965，Loss: 0.229108
Step 661，Loss: 0.229108，PSNR: 12.1871，SSIM: 0.7727
Step 662，Loss: 0.212330，PSNR: 13.0023，SSIM: 0.7497
Step 663，Loss: 0.275810，PSNR: 9.9378，SSIM: 0.5596
Step 664，Loss: 0.240977，PSNR: 11.4586，SSIM: 0.6444
Step 665，Loss: 0.225526，PSNR: 12.2208，SSIM: 0.7349
Epoch 1，Train Batch 666/965，Loss: 0.251754
Step 666，Loss: 0.251754，PSNR: 11.2380，SSIM: 0.7688
Step 667，Loss: 0.215081，PSNR: 12.9161，SSIM: 0.7688
Step 668，Loss: 0.233613，PSNR: 12.1524，SSIM: 0.7978
Step 669，Loss: 0.217407，PSNR: 12.6116，SSIM: 0.7844
Step 670，Loss: 0.228161，PSNR: 12.1373，SSIM: 0.6827
Epoch 1，Train Batch 671/965，Loss: 0.233914
Step 671，Loss: 0.233914，PSNR: 11.7403，SSIM: 0.7035
Step 672，Loss: 0.250914，PSNR: 10.7412，SSIM: 0.6175
Step 673，Loss: 0.266134，PSNR: 10.5579，SSIM: 0.6488
Step 674，Loss: 0.217882，PSNR: 12.5661，SSIM: 0.7794
Step 675，Loss: 0.221700，PSNR: 12.5126，SSIM: 0.7789
Epoch 1，Train Batch 676/965，Loss: 0.231648
Step 676，Loss: 0.231648，PSNR: 12.0476，SSIM: 0.7847
Step 677，Loss: 0.232669，PSNR: 12.3364，SSIM: 0.8013
Step 678，Loss: 0.204225，PSNR: 13.3347，SSIM: 0.7836
Step 679，Loss: 0.238377，PSNR: 11.6075，SSIM: 0.6891
Step 680，Loss: 0.225753，PSNR: 12.1683，SSIM: 0.7296
Epoch 1，Train Batch 681/965，Loss: 0.212703
Step 681，Loss: 0.212703，PSNR: 12.7728，SSIM: 0.7464
Step 682，Loss: 0.240460，PSNR: 11.9307，SSIM: 0.7354
Step 683，Loss: 0.230906，PSNR: 11.9127，SSIM: 0.7461
Step 684，Loss: 0.222392，PSNR: 12.6390，SSIM: 0.7870
Step 685，Loss: 0.214617，PSNR: 12.8092，SSIM: 0.7760
Epoch 1，Train Batch 686/965，Loss: 0.218087
Step 686，Loss: 0.218087，PSNR: 12.7095，SSIM: 0.7085
Step 687，Loss: 0.221062，PSNR: 12.5264，SSIM: 0.7591
Step 688，Loss: 0.229277，PSNR: 11.9677，SSIM: 0.7312
Step 689，Loss: 0.235090，PSNR: 12.3916，SSIM: 0.6997
Step 690，Loss: 0.216176，PSNR: 12.1878，SSIM: 0.6231
Epoch 1，Train Batch 691/965，Loss: 0.223118
Step 691，Loss: 0.223118，PSNR: 12.3798，SSIM: 0.7438
Step 692，Loss: 0.226042，PSNR: 12.3814，SSIM: 0.7888
Step 693，Loss: 0.202536，PSNR: 13.3595，SSIM: 0.7577
Step 694，Loss: 0.213194，PSNR: 13.1221，SSIM: 0.8115
Step 695，Loss: 0.211251，PSNR: 12.8818，SSIM: 0.7404
Epoch 1，Train Batch 696/965，Loss: 0.243481
Step 696，Loss: 0.243481，PSNR: 11.7980，SSIM: 0.6711
Step 697，Loss: 0.197838，PSNR: 13.3082，SSIM: 0.7328
Step 698，Loss: 0.198444，PSNR: 13.4556，SSIM: 0.7934
Step 699，Loss: 0.238974，PSNR: 11.4545，SSIM: 0.6883
Step 700，Loss: 0.244965，PSNR: 11.7137，SSIM: 0.7156
Epoch 1，Train Batch 701/965，Loss: 0.222103
Step 701，Loss: 0.222103，PSNR: 12.6579，SSIM: 0.8360
Step 702，Loss: 0.229632，PSNR: 12.4598，SSIM: 0.8367
Step 703，Loss: 0.206764，PSNR: 13.2626，SSIM: 0.7954
Step 704，Loss: 0.222380，PSNR: 12.1378，SSIM: 0.6798
Step 705，Loss: 0.222273，PSNR: 12.4353，SSIM: 0.7022
Epoch 1，Train Batch 706/965，Loss: 0.229386
Step 706，Loss: 0.229386，PSNR: 11.7319，SSIM: 0.7283
Step 707，Loss: 0.198574，PSNR: 13.4084，SSIM: 0.7620
Step 708，Loss: 0.230040，PSNR: 11.3369，SSIM: 0.6423
Step 709，Loss: 0.223626，PSNR: 12.2574，SSIM: 0.7437
Step 710，Loss: 0.203423，PSNR: 13.0808，SSIM: 0.7847
Epoch 1，Train Batch 711/965，Loss: 0.220444
Step 711，Loss: 0.220444，PSNR: 12.1866，SSIM: 0.7539
Step 712，Loss: 0.224692，PSNR: 12.1402，SSIM: 0.7246
Step 713，Loss: 0.210273，PSNR: 12.9633，SSIM: 0.8005
Step 714，Loss: 0.247682，PSNR: 10.6897，SSIM: 0.6510
Step 715，Loss: 0.203896，PSNR: 13.0632，SSIM: 0.7500
Epoch 1，Train Batch 716/965，Loss: 0.207084
Step 716，Loss: 0.207084，PSNR: 13.0789，SSIM: 0.8052
Step 717，Loss: 0.224238，PSNR: 11.9436，SSIM: 0.6616
Step 718，Loss: 0.196945，PSNR: 13.3351，SSIM: 0.7754
Step 719，Loss: 0.233346，PSNR: 11.4431，SSIM: 0.7512
Step 720，Loss: 0.217984，PSNR: 12.5169，SSIM: 0.7817
Epoch 1，Train Batch 721/965，Loss: 0.232904
Step 721，Loss: 0.232904，PSNR: 11.5018，SSIM: 0.7015
Step 722，Loss: 0.238183，PSNR: 11.6715，SSIM: 0.7557
Step 723，Loss: 0.215433，PSNR: 12.6412，SSIM: 0.7620
Step 724，Loss: 0.169025，PSNR: 14.7131，SSIM: 0.8067
Step 725，Loss: 0.221983，PSNR: 12.0524，SSIM: 0.7260
Epoch 1，Train Batch 726/965，Loss: 0.181332
Step 726，Loss: 0.181332，PSNR: 14.4129，SSIM: 0.8132
Step 727，Loss: 0.215943，PSNR: 12.4607，SSIM: 0.7247
Step 728，Loss: 0.198355，PSNR: 13.3802，SSIM: 0.7974
Step 729，Loss: 0.194974，PSNR: 13.4505，SSIM: 0.8085
Step 730，Loss: 0.191612，PSNR: 13.8113，SSIM: 0.7846
Epoch 1，Train Batch 731/965，Loss: 0.256619
Step 731，Loss: 0.256619，PSNR: 11.0481，SSIM: 0.5624
Step 732，Loss: 0.202621，PSNR: 13.1842，SSIM: 0.7658
Step 733，Loss: 0.212644，PSNR: 13.0155，SSIM: 0.8195
Step 734，Loss: 0.205392，PSNR: 13.4230，SSIM: 0.8394
Step 735，Loss: 0.188633，PSNR: 13.9590，SSIM: 0.8204
Epoch 1，Train Batch 736/965，Loss: 0.194115
Step 736，Loss: 0.194115，PSNR: 13.6247，SSIM: 0.7849
Step 737，Loss: 0.202906，PSNR: 13.1109，SSIM: 0.8116
Step 738，Loss: 0.236801，PSNR: 11.3248，SSIM: 0.5740
Step 739，Loss: 0.196700，PSNR: 13.2643，SSIM: 0.7958
Step 740，Loss: 0.202330，PSNR: 13.5612，SSIM: 0.8185
Epoch 1，Train Batch 741/965，Loss: 0.200621
Step 741，Loss: 0.200621，PSNR: 13.6911，SSIM: 0.8623
Step 742，Loss: 0.215123，PSNR: 12.6900，SSIM: 0.8216
Step 743，Loss: 0.203309，PSNR: 13.2312，SSIM: 0.8204
Step 744，Loss: 0.229418，PSNR: 11.3851，SSIM: 0.7171
Step 745，Loss: 0.188718，PSNR: 13.8941，SSIM: 0.8203
Epoch 1，Train Batch 746/965，Loss: 0.194844
Step 746，Loss: 0.194844，PSNR: 13.6699，SSIM: 0.7830
Step 747，Loss: 0.249619，PSNR: 10.3918，SSIM: 0.6050
Step 748，Loss: 0.198371，PSNR: 13.7928，SSIM: 0.8683
Step 749，Loss: 0.205083，PSNR: 13.4493，SSIM: 0.8253
Step 750，Loss: 0.180451，PSNR: 14.4216，SSIM: 0.8542
Epoch 1，Train Batch 751/965，Loss: 0.201203
Step 751，Loss: 0.201203，PSNR: 13.5979，SSIM: 0.8151
Step 752，Loss: 0.234433，PSNR: 11.6276，SSIM: 0.6276
Step 753，Loss: 0.218144，PSNR: 12.6681，SSIM: 0.7345
Step 754，Loss: 0.243121，PSNR: 11.1929，SSIM: 0.6923
Step 755，Loss: 0.197052，PSNR: 13.5849，SSIM: 0.8194
Epoch 1，Train Batch 756/965，Loss: 0.197659
Step 756，Loss: 0.197659，PSNR: 13.7655，SSIM: 0.8274
Step 757，Loss: 0.189411，PSNR: 13.5694，SSIM: 0.7614
Step 758，Loss: 0.229965，PSNR: 11.5327，SSIM: 0.5820
Step 759，Loss: 0.209163，PSNR: 12.7847，SSIM: 0.7476
Step 760，Loss: 0.205475，PSNR: 13.0899，SSIM: 0.8151
Epoch 1，Train Batch 761/965，Loss: 0.218295
Step 761，Loss: 0.218295，PSNR: 12.4925，SSIM: 0.7915
Step 762，Loss: 0.210874，PSNR: 13.0019，SSIM: 0.8092
Step 763，Loss: 0.209535，PSNR: 12.8996，SSIM: 0.7598
Step 764，Loss: 0.200945，PSNR: 13.4869，SSIM: 0.8068
Step 765，Loss: 0.202603，PSNR: 13.0613，SSIM: 0.6502
Epoch 1，Train Batch 766/965，Loss: 0.197211
Step 766，Loss: 0.197211，PSNR: 13.7490，SSIM: 0.6848
Step 767，Loss: 0.199595，PSNR: 13.6948，SSIM: 0.8346
Step 768，Loss: 0.204149，PSNR: 13.0894，SSIM: 0.8026
Step 769，Loss: 0.205393，PSNR: 13.4134，SSIM: 0.8501
Step 770，Loss: 0.215193，PSNR: 12.4418，SSIM: 0.6820
Epoch 1，Train Batch 771/965，Loss: 0.192166
Step 771，Loss: 0.192166，PSNR: 13.3741，SSIM: 0.7840
Step 772，Loss: 0.213234，PSNR: 13.0875，SSIM: 0.8226
Step 773，Loss: 0.189636，PSNR: 13.6892，SSIM: 0.7760
Step 774，Loss: 0.204373，PSNR: 13.0517，SSIM: 0.7871
Step 775，Loss: 0.204951，PSNR: 13.5553，SSIM: 0.8551
Epoch 1，Train Batch 776/965，Loss: 0.213777
Step 776，Loss: 0.213777，PSNR: 13.2187，SSIM: 0.8105
Step 777，Loss: 0.209105，PSNR: 12.7860，SSIM: 0.8067
Step 778，Loss: 0.196284，PSNR: 13.7500，SSIM: 0.8132
Step 779，Loss: 0.213947，PSNR: 13.0545，SSIM: 0.8031
Step 780，Loss: 0.213821，PSNR: 12.1085，SSIM: 0.6907
Epoch 1，Train Batch 781/965，Loss: 0.209377
Step 781，Loss: 0.209377，PSNR: 12.9827，SSIM: 0.8253
Step 782，Loss: 0.185830，PSNR: 13.8944，SSIM: 0.8198
Step 783，Loss: 0.182184，PSNR: 14.2773，SSIM: 0.8199
Step 784，Loss: 0.205642，PSNR: 13.4178，SSIM: 0.7962
Step 785，Loss: 0.174736，PSNR: 14.6705，SSIM: 0.8270
Epoch 1，Train Batch 786/965，Loss: 0.183873
Step 786，Loss: 0.183873，PSNR: 13.9798，SSIM: 0.7874
Step 787，Loss: 0.208172，PSNR: 12.6252，SSIM: 0.7241
Step 788，Loss: 0.222331，PSNR: 12.0507，SSIM: 0.7201
Step 789，Loss: 0.199868，PSNR: 13.7155，SSIM: 0.8356
Step 790，Loss: 0.183131，PSNR: 14.0346，SSIM: 0.7965
Epoch 1，Train Batch 791/965，Loss: 0.210149
Step 791，Loss: 0.210149，PSNR: 12.7447，SSIM: 0.7895
Step 792，Loss: 0.190924，PSNR: 14.0676，SSIM: 0.8549
Step 793，Loss: 0.224525，PSNR: 12.4829，SSIM: 0.5218
Step 794，Loss: 0.176176，PSNR: 14.5789，SSIM: 0.8195
Step 795，Loss: 0.183815，PSNR: 14.2425，SSIM: 0.8026
Epoch 1，Train Batch 796/965，Loss: 0.199524
Step 796，Loss: 0.199524，PSNR: 13.5670，SSIM: 0.7599
Step 797，Loss: 0.190581，PSNR: 13.7616，SSIM: 0.8152
Step 798，Loss: 0.219517，PSNR: 11.9140，SSIM: 0.7742
Step 799，Loss: 0.200441，PSNR: 13.2419，SSIM: 0.6955
Step 800，Loss: 0.233435，PSNR: 11.2659，SSIM: 0.6933
Epoch 1，Train Batch 801/965，Loss: 0.221117
Step 801，Loss: 0.221117，PSNR: 12.2039，SSIM: 0.7468
Step 802，Loss: 0.190610，PSNR: 13.3014，SSIM: 0.7394
Step 803，Loss: 0.203108，PSNR: 12.1185，SSIM: 0.6612
Step 804，Loss: 0.189107，PSNR: 13.9310，SSIM: 0.8553
Step 805，Loss: 0.193532，PSNR: 13.5855，SSIM: 0.8486
Epoch 1，Train Batch 806/965，Loss: 0.202701
Step 806，Loss: 0.202701，PSNR: 12.5205，SSIM: 0.6951
Step 807，Loss: 0.192683，PSNR: 13.9322，SSIM: 0.8186
Step 808，Loss: 0.186023，PSNR: 13.6890，SSIM: 0.7685
Step 809，Loss: 0.184469，PSNR: 14.0090，SSIM: 0.8279
Step 810，Loss: 0.196844，PSNR: 13.4208，SSIM: 0.8326
Epoch 1，Train Batch 811/965，Loss: 0.203988
Step 811，Loss: 0.203988，PSNR: 12.7476，SSIM: 0.6747
Step 812，Loss: 0.185224，PSNR: 14.0080，SSIM: 0.7750
Step 813，Loss: 0.206236，PSNR: 12.2623，SSIM: 0.6766
Step 814，Loss: 0.208042，PSNR: 12.8836，SSIM: 0.7984
Step 815，Loss: 0.174106，PSNR: 14.7321，SSIM: 0.8331
Epoch 1，Train Batch 816/965，Loss: 0.182420
Step 816，Loss: 0.182420，PSNR: 13.7752，SSIM: 0.7604
Step 817，Loss: 0.216351，PSNR: 12.4822，SSIM: 0.7074
Step 818，Loss: 0.205040，PSNR: 12.6999，SSIM: 0.7610
Step 819，Loss: 0.184834，PSNR: 13.8463，SSIM: 0.7695
Step 820，Loss: 0.172097，PSNR: 14.5659，SSIM: 0.7860
Epoch 1，Train Batch 821/965，Loss: 0.223773
Step 821，Loss: 0.223773，PSNR: 11.9545，SSIM: 0.6666
Step 822，Loss: 0.186233，PSNR: 14.2553，SSIM: 0.8481
Step 823，Loss: 0.185351，PSNR: 14.3383，SSIM: 0.8419
Step 824，Loss: 0.224785，PSNR: 11.3680，SSIM: 0.5963
Step 825，Loss: 0.187494，PSNR: 14.1959，SSIM: 0.8477
Epoch 1，Train Batch 826/965，Loss: 0.250545
Step 826，Loss: 0.250545，PSNR: 9.8822，SSIM: 0.5859
Step 827，Loss: 0.186761，PSNR: 13.1215，SSIM: 0.7341
Step 828，Loss: 0.188396，PSNR: 13.5900，SSIM: 0.7847
Step 829，Loss: 0.216468，PSNR: 11.6855，SSIM: 0.6880
Step 830，Loss: 0.183924，PSNR: 14.0417，SSIM: 0.8443
Epoch 1，Train Batch 831/965，Loss: 0.200616
Step 831，Loss: 0.200616，PSNR: 13.0936，SSIM: 0.7394
Step 832，Loss: 0.208182，PSNR: 12.7974，SSIM: 0.7751
Step 833，Loss: 0.180299，PSNR: 14.4598，SSIM: 0.8280
Step 834，Loss: 0.182718，PSNR: 14.4881，SSIM: 0.8487
Step 835，Loss: 0.165349，PSNR: 15.0315，SSIM: 0.8158
Epoch 1，Train Batch 836/965，Loss: 0.182331
Step 836，Loss: 0.182331，PSNR: 14.5214，SSIM: 0.8581
Step 837，Loss: 0.194691，PSNR: 13.3471，SSIM: 0.7229
Step 838，Loss: 0.194678，PSNR: 13.4467，SSIM: 0.7554
Step 839，Loss: 0.188865，PSNR: 13.3196，SSIM: 0.7546
Step 840，Loss: 0.200851，PSNR: 13.1066，SSIM: 0.8323
Epoch 1，Train Batch 841/965，Loss: 0.190297
Step 841，Loss: 0.190297，PSNR: 13.8331，SSIM: 0.7743
Step 842，Loss: 0.201429，PSNR: 13.3567，SSIM: 0.8051
Step 843，Loss: 0.187982，PSNR: 13.7363，SSIM: 0.7663
Step 844，Loss: 0.166901，PSNR: 14.7597，SSIM: 0.8167
Step 845，Loss: 0.236365，PSNR: 11.6049，SSIM: 0.5422
Epoch 1，Train Batch 846/965，Loss: 0.218648
Step 846，Loss: 0.218648，PSNR: 11.4156，SSIM: 0.6871
Step 847，Loss: 0.197583，PSNR: 12.9694，SSIM: 0.7946
Step 848，Loss: 0.210059，PSNR: 11.9375，SSIM: 0.7001
Step 849，Loss: 0.189497，PSNR: 13.4317，SSIM: 0.8050
Step 850，Loss: 0.194852，PSNR: 13.4669，SSIM: 0.7769
Epoch 1，Train Batch 851/965，Loss: 0.189766
Step 851，Loss: 0.189766，PSNR: 13.6854，SSIM: 0.7893
Step 852，Loss: 0.219993，PSNR: 12.2849，SSIM: 0.6333
Step 853，Loss: 0.213530，PSNR: 12.3490，SSIM: 0.6961
Step 854，Loss: 0.219422，PSNR: 11.8062，SSIM: 0.6528
Step 855，Loss: 0.192486，PSNR: 13.3211，SSIM: 0.8032
Epoch 1，Train Batch 856/965，Loss: 0.201051
Step 856，Loss: 0.201051，PSNR: 12.6529，SSIM: 0.7719
Step 857，Loss: 0.186314，PSNR: 13.4826，SSIM: 0.8114
Step 858，Loss: 0.175843，PSNR: 14.6007，SSIM: 0.8333
Step 859，Loss: 0.181316，PSNR: 13.7205，SSIM: 0.7875
Step 860，Loss: 0.197767，PSNR: 13.1276，SSIM: 0.7339
Epoch 1，Train Batch 861/965，Loss: 0.185118
Step 861，Loss: 0.185118，PSNR: 13.8253，SSIM: 0.7732
Step 862，Loss: 0.183313，PSNR: 13.7237，SSIM: 0.7562
Step 863，Loss: 0.165524，PSNR: 15.3717，SSIM: 0.8812
Step 864，Loss: 0.188222，PSNR: 13.5908，SSIM: 0.7554
Step 865，Loss: 0.182744，PSNR: 13.9677，SSIM: 0.8061
Epoch 1，Train Batch 866/965，Loss: 0.166654
Step 866，Loss: 0.166654，PSNR: 15.2448，SSIM: 0.8740
Step 867，Loss: 0.183377，PSNR: 13.7034，SSIM: 0.8173
Step 868，Loss: 0.168382，PSNR: 14.3556，SSIM: 0.7794
Step 869，Loss: 0.170193，PSNR: 14.7876，SSIM: 0.8516
Step 870，Loss: 0.174297，PSNR: 14.5109，SSIM: 0.7749
Epoch 1，Train Batch 871/965，Loss: 0.165682
Step 871，Loss: 0.165682，PSNR: 14.8935，SSIM: 0.8298
Step 872，Loss: 0.193192，PSNR: 13.0828，SSIM: 0.7508
Step 873，Loss: 0.163019，PSNR: 15.0337，SSIM: 0.8377
Step 874，Loss: 0.185993，PSNR: 13.8979，SSIM: 0.8241
Step 875，Loss: 0.162817，PSNR: 15.1865，SSIM: 0.8536
Epoch 1，Train Batch 876/965，Loss: 0.184373
Step 876，Loss: 0.184373，PSNR: 14.3731，SSIM: 0.8690
Step 877，Loss: 0.162482，PSNR: 15.2135，SSIM: 0.8487
Step 878，Loss: 0.174750，PSNR: 14.7208，SSIM: 0.8389
Step 879，Loss: 0.199833，PSNR: 12.3297，SSIM: 0.7302
Step 880，Loss: 0.179984，PSNR: 13.9773，SSIM: 0.7738
Epoch 1，Train Batch 881/965，Loss: 0.176651
Step 881，Loss: 0.176651，PSNR: 14.0489，SSIM: 0.7839
Step 882，Loss: 0.196154，PSNR: 13.7498，SSIM: 0.7890
Step 883，Loss: 0.176671，PSNR: 14.1587，SSIM: 0.7770
Step 884，Loss: 0.162769，PSNR: 14.4255，SSIM: 0.8178
Step 885，Loss: 0.193747，PSNR: 13.3873，SSIM: 0.8193
Epoch 1，Train Batch 886/965，Loss: 0.177148
Step 886，Loss: 0.177148，PSNR: 14.2797，SSIM: 0.8237
Step 887，Loss: 0.180692，PSNR: 13.7509，SSIM: 0.7738
Step 888，Loss: 0.168422，PSNR: 14.5266，SSIM: 0.7938
Step 889，Loss: 0.174947，PSNR: 14.0445，SSIM: 0.8217
Step 890，Loss: 0.194700，PSNR: 13.3299，SSIM: 0.6806
Epoch 1，Train Batch 891/965，Loss: 0.218554
Step 891，Loss: 0.218554，PSNR: 11.8693，SSIM: 0.7253
Step 892，Loss: 0.190358，PSNR: 13.1048，SSIM: 0.7601
Step 893，Loss: 0.184515，PSNR: 14.3632，SSIM: 0.8431
Step 894，Loss: 0.194588，PSNR: 13.0026，SSIM: 0.7677
Step 895，Loss: 0.165344，PSNR: 14.8995，SSIM: 0.8104
Epoch 1，Train Batch 896/965，Loss: 0.186519
Step 896，Loss: 0.186519，PSNR: 13.4132，SSIM: 0.7840
Step 897，Loss: 0.159081，PSNR: 15.3635，SSIM: 0.8261
Step 898，Loss: 0.163300，PSNR: 15.0121，SSIM: 0.8384
Step 899，Loss: 0.177348，PSNR: 13.3684，SSIM: 0.7357
Step 900，Loss: 0.208965，PSNR: 11.2444，SSIM: 0.6367
Epoch 1，Train Batch 901/965，Loss: 0.182155
Step 901，Loss: 0.182155，PSNR: 14.4330，SSIM: 0.8601
Step 902，Loss: 0.169146，PSNR: 14.8988，SSIM: 0.7947
Step 903，Loss: 0.157715，PSNR: 15.4247，SSIM: 0.8652
Step 904，Loss: 0.163251，PSNR: 15.3840，SSIM: 0.8909
Step 905，Loss: 0.181300，PSNR: 14.4918，SSIM: 0.8003
Epoch 1，Train Batch 906/965，Loss: 0.165967
Step 906，Loss: 0.165967，PSNR: 15.0183，SSIM: 0.8375
Step 907，Loss: 0.182071，PSNR: 13.9611，SSIM: 0.8228
Step 908，Loss: 0.179703，PSNR: 14.1630，SSIM: 0.8526
Step 909，Loss: 0.184362，PSNR: 13.7069，SSIM: 0.7895
Step 910，Loss: 0.187692，PSNR: 13.8929，SSIM: 0.8323
Epoch 1，Train Batch 911/965，Loss: 0.170367
Step 911，Loss: 0.170367，PSNR: 14.8498，SSIM: 0.8441
Step 912，Loss: 0.181030，PSNR: 13.5303，SSIM: 0.7759
Step 913，Loss: 0.191886，PSNR: 13.0248，SSIM: 0.7561
Step 914，Loss: 0.177857，PSNR: 14.6014，SSIM: 0.8530
Step 915，Loss: 0.162157，PSNR: 14.8664，SSIM: 0.8346
Epoch 1，Train Batch 916/965，Loss: 0.182840
Step 916，Loss: 0.182840，PSNR: 13.8180，SSIM: 0.7916
Step 917，Loss: 0.182672，PSNR: 13.9979，SSIM: 0.8223
Step 918，Loss: 0.174595，PSNR: 14.3294，SSIM: 0.8257
Step 919，Loss: 0.183296，PSNR: 14.0750，SSIM: 0.7815
Step 920，Loss: 0.159668，PSNR: 15.2358，SSIM: 0.8056
Epoch 1，Train Batch 921/965，Loss: 0.161192
Step 921，Loss: 0.161192，PSNR: 15.0767，SSIM: 0.8578
Step 922，Loss: 0.184971，PSNR: 13.2985，SSIM: 0.7341
Step 923，Loss: 0.174750，PSNR: 13.7175，SSIM: 0.8155
Step 924，Loss: 0.199714，PSNR: 12.4118，SSIM: 0.6371
Step 925，Loss: 0.151973，PSNR: 15.7795，SSIM: 0.8525
Epoch 1，Train Batch 926/965，Loss: 0.165823
Step 926，Loss: 0.165823，PSNR: 14.5975，SSIM: 0.8071
Step 927，Loss: 0.174193，PSNR: 14.7945，SSIM: 0.7967
Step 928，Loss: 0.190960，PSNR: 13.2556，SSIM: 0.7568
Step 929，Loss: 0.160218，PSNR: 15.1595，SSIM: 0.8382
Step 930，Loss: 0.161715，PSNR: 15.1394，SSIM: 0.8273
Epoch 1，Train Batch 931/965，Loss: 0.168154
Step 931，Loss: 0.168154，PSNR: 14.8348，SSIM: 0.7739
Step 932，Loss: 0.167520，PSNR: 15.2209，SSIM: 0.8751
Step 933，Loss: 0.156445，PSNR: 15.6149，SSIM: 0.8616
Step 934，Loss: 0.179452，PSNR: 14.1066，SSIM: 0.8235
Step 935，Loss: 0.174740，PSNR: 14.0445，SSIM: 0.6868
Epoch 1，Train Batch 936/965，Loss: 0.162804
Step 936，Loss: 0.162804，PSNR: 14.8059，SSIM: 0.8456
Step 937，Loss: 0.162088，PSNR: 14.9301，SSIM: 0.8488
Step 938，Loss: 0.172247，PSNR: 14.3672，SSIM: 0.7980
Step 939，Loss: 0.196795，PSNR: 13.0475，SSIM: 0.7281
Step 940，Loss: 0.173613，PSNR: 14.3101，SSIM: 0.8313
Epoch 1，Train Batch 941/965，Loss: 0.154893
Step 941，Loss: 0.154893，PSNR: 15.3768，SSIM: 0.8182
Step 942，Loss: 0.166551，PSNR: 14.6751，SSIM: 0.8012
Step 943，Loss: 0.206832，PSNR: 12.0608，SSIM: 0.6411
Step 944，Loss: 0.172844，PSNR: 14.8297，SSIM: 0.6579
Step 945，Loss: 0.168071，PSNR: 14.7440，SSIM: 0.8597
Epoch 1，Train Batch 946/965，Loss: 0.155447
Step 946，Loss: 0.155447，PSNR: 15.3760，SSIM: 0.8179
Step 947，Loss: 0.168434，PSNR: 14.3945，SSIM: 0.8110
Step 948，Loss: 0.147972，PSNR: 15.9577，SSIM: 0.8746
Step 949，Loss: 0.185743，PSNR: 13.1287，SSIM: 0.7694
Step 950，Loss: 0.170033，PSNR: 14.0747，SSIM: 0.7789
Epoch 1，Train Batch 951/965，Loss: 0.162243
Step 951，Loss: 0.162243，PSNR: 14.6354，SSIM: 0.7768
Step 952，Loss: 0.201256，PSNR: 12.0603，SSIM: 0.7173
Step 953，Loss: 0.177863，PSNR: 14.0137，SSIM: 0.7945
Step 954，Loss: 0.148168，PSNR: 16.0851，SSIM: 0.8763
Step 955，Loss: 0.168701，PSNR: 14.4649，SSIM: 0.8235
Epoch 1，Train Batch 956/965，Loss: 0.169260
Step 956，Loss: 0.169260，PSNR: 14.3416，SSIM: 0.8150
Step 957，Loss: 0.186081，PSNR: 13.5407，SSIM: 0.7757
Step 958，Loss: 0.172923，PSNR: 14.6906，SSIM: 0.7848
Step 959，Loss: 0.182822，PSNR: 13.4417，SSIM: 0.7816
Step 960，Loss: 0.169665，PSNR: 13.9768，SSIM: 0.7389
Epoch 1，Train Batch 961/965，Loss: 0.179577
Step 961，Loss: 0.179577，PSNR: 13.3847，SSIM: 0.7813
Step 962，Loss: 0.180021，PSNR: 14.1605，SSIM: 0.8017
Step 963，Loss: 0.191663，PSNR: 12.9877，SSIM: 0.7759
Step 964，Loss: 0.175399，PSNR: 14.2734，SSIM: 0.8106
Step 965，Loss: 0.168050，PSNR: 14.1984，SSIM: 0.7740
Epoch 1 训练完成，平均 Loss: 0.275002，耗时: 103.28 秒
Epoch 1 验证集完成，Loss: 0.174798，PSNR: 14.2628，SSIM: 0.7339，耗时: 16.95 秒
模型已保存: /root/autodl-tmp/level3-Unet/project/level3 Unet/outputs/baseline_epoch1/checkpoints/unet_epoch_1.pth
模型已保存: /root/autodl-tmp/level3-Unet/project/level3 Unet/outputs/baseline_epoch1/checkpoints/best_model.pth
当前最佳模型已更新，验证集 SSIM: 0.733926
Epoch 指标已保存: /root/autodl-tmp/level3-Unet/project/level3 Unet/outputs/baseline_epoch1/loss.csv
Epoch 指标已保存: /root/autodl-tmp/level3-Unet/project/level3 Unet/outputs/baseline_epoch1/epoch_metrics.csv
Step 指标已保存: /root/autodl-tmp/level3-Unet/project/level3 Unet/outputs/baseline_epoch1/step_metrics.csv
Step 指标曲线已保存: /root/autodl-tmp/level3-Unet/project/level3 Unet/outputs/baseline_epoch1/step_metrics.png
Epoch 指标曲线已保存: /root/autodl-tmp/level3-Unet/project/level3 Unet/outputs/baseline_epoch1/epoch_metrics.png
/root/autodl-tmp/level3-Unet/project/level3 Unet/src/train.py:773: FutureWarning: You are using `torch.load` with `weights_only=False` (the current default value), which uses the default pickle module implicitly. It is possible to construct malicious pickle data which will execute arbitrary code during unpickling (See https://github.com/pytorch/pytorch/blob/main/SECURITY.md#untrusted-models for more details). In a future release, the default value for `weights_only` will be flipped to `True`. This limits the functions that could be executed during unpickling. Arbitrary objects will no longer be allowed to be loaded via this mode unless they are explicitly allowlisted by the user via `torch.serialization.add_safe_globals`. We recommend you start setting `weights_only=True` for any use case where you don't have full control of the loaded file. Please open an issue on GitHub for any issues related to this experimental feature.
  checkpoint = torch.load(
Epoch 1 测试集完成，Loss: 0.173574，PSNR: 14.3830，SSIM: 0.7458，耗时: 16.18 秒
Epoch 1 测试集完成，Loss: 0.173574，PSNR: 14.3830，SSIM: 0.7458，耗时: 16.01 秒
测试集指标已保存: /root/autodl-tmp/level3-Unet/project/level3 Unet/outputs/baseline_epoch1/test_metrics.csv
训练和测试评估完成
